mode: atomic
github.com/EnduranNSU/end-user-info/internal/service/service.go:15.57,17.2 1 5
github.com/EnduranNSU/end-user-info/internal/service/service.go:23.103,27.19 3 3
github.com/EnduranNSU/end-user-info/internal/service/service.go:27.19,29.3 1 1
github.com/EnduranNSU/end-user-info/internal/service/service.go:29.8,31.17 2 2
github.com/EnduranNSU/end-user-info/internal/service/service.go:31.17,33.4 1 1
github.com/EnduranNSU/end-user-info/internal/service/service.go:34.3,34.14 1 1
github.com/EnduranNSU/end-user-info/internal/service/service.go:37.2,45.54 2 2
github.com/EnduranNSU/end-user-info/internal/service/service.go:45.54,47.3 1 0
github.com/EnduranNSU/end-user-info/internal/service/service.go:48.2,48.15 1 2
github.com/EnduranNSU/end-user-info/internal/service/service.go:51.94,53.2 1 1
github.com/EnduranNSU/end-user-info/internal/service/service.go:55.91,57.2 1 1
github.com/EnduranNSU/end-user-info/internal/adapter/out/postgres/gen/db.go:19.28,21.2 1 0
github.com/EnduranNSU/end-user-info/internal/adapter/out/postgres/gen/db.go:27.47,31.2 1 0
github.com/EnduranNSU/end-user-info/internal/adapter/out/postgres/gen/query.sql.go:28.87,37.2 2 0
github.com/EnduranNSU/end-user-info/internal/adapter/out/postgres/gen/query.sql.go:46.101,48.16 2 0
github.com/EnduranNSU/end-user-info/internal/adapter/out/postgres/gen/query.sql.go:48.16,50.3 1 0
github.com/EnduranNSU/end-user-info/internal/adapter/out/postgres/gen/query.sql.go:51.2,53.18 3 0
github.com/EnduranNSU/end-user-info/internal/adapter/out/postgres/gen/query.sql.go:53.18,62.17 2 0
github.com/EnduranNSU/end-user-info/internal/adapter/out/postgres/gen/query.sql.go:62.17,64.4 1 0
github.com/EnduranNSU/end-user-info/internal/adapter/out/postgres/gen/query.sql.go:65.3,65.27 1 0
github.com/EnduranNSU/end-user-info/internal/adapter/out/postgres/gen/query.sql.go:67.2,67.37 1 0
github.com/EnduranNSU/end-user-info/internal/adapter/out/postgres/gen/query.sql.go:67.37,69.3 1 0
github.com/EnduranNSU/end-user-info/internal/adapter/out/postgres/gen/query.sql.go:70.2,70.35 1 0
github.com/EnduranNSU/end-user-info/internal/adapter/out/postgres/gen/query.sql.go:70.35,72.3 1 0
github.com/EnduranNSU/end-user-info/internal/adapter/out/postgres/gen/query.sql.go:73.2,73.19 1 0
github.com/EnduranNSU/end-user-info/internal/adapter/out/postgres/gen/query.sql.go:84.102,96.2 4 0
github.com/EnduranNSU/end-user-info/internal/logging/log.go:9.38,12.2 2 0
github.com/EnduranNSU/end-user-info/internal/logging/log.go:18.74,25.2 1 0
github.com/EnduranNSU/end-user-info/internal/logging/log.go:27.63,33.2 1 0
github.com/EnduranNSU/end-user-info/internal/logging/log.go:36.62,42.2 1 0
github.com/EnduranNSU/end-user-info/internal/logging/log.go:44.62,50.2 1 0
github.com/EnduranNSU/end-user-info/internal/logging/logger.go:40.30,43.76 2 0
github.com/EnduranNSU/end-user-info/internal/logging/logger.go:43.76,45.3 1 0
github.com/EnduranNSU/end-user-info/internal/logging/logger.go:47.2,47.64 1 0
github.com/EnduranNSU/end-user-info/internal/logging/logger.go:47.64,49.3 1 0
github.com/EnduranNSU/end-user-info/internal/logging/logger.go:51.2,53.77 2 0
github.com/EnduranNSU/end-user-info/internal/logging/logger.go:53.77,55.3 1 0
github.com/EnduranNSU/end-user-info/internal/logging/logger.go:56.2,63.11 2 0
github.com/EnduranNSU/end-user-info/internal/logging/logger.go:66.60,67.17 1 0
github.com/EnduranNSU/end-user-info/internal/logging/logger.go:67.17,69.3 1 0
github.com/EnduranNSU/end-user-info/internal/logging/logger.go:71.2,71.37 1 0
github.com/EnduranNSU/end-user-info/internal/logging/logger.go:71.37,73.3 1 0
github.com/EnduranNSU/end-user-info/internal/logging/logger.go:75.2,79.22 2 0
github.com/EnduranNSU/end-user-info/internal/logging/logger.go:82.54,83.16 1 0
github.com/EnduranNSU/end-user-info/internal/logging/logger.go:83.16,85.3 1 0
github.com/EnduranNSU/end-user-info/internal/logging/logger.go:87.2,87.12 1 0
github.com/EnduranNSU/end-user-info/internal/logging/logger.go:90.53,91.55 1 0
github.com/EnduranNSU/end-user-info/internal/logging/logger.go:91.55,94.3 2 0
github.com/EnduranNSU/end-user-info/internal/logging/logger.go:96.2,101.3 1 0
github.com/EnduranNSU/end-user-info/internal/logging/logger.go:104.41,105.11 1 0
github.com/EnduranNSU/end-user-info/internal/logging/logger.go:106.15,107.28 1 0
github.com/EnduranNSU/end-user-info/internal/logging/logger.go:108.14,109.27 1 0
github.com/EnduranNSU/end-user-info/internal/logging/logger.go:110.14,111.27 1 0
github.com/EnduranNSU/end-user-info/internal/logging/logger.go:112.15,113.28 1 0
github.com/EnduranNSU/end-user-info/internal/logging/logger.go:114.15,115.28 1 0
github.com/EnduranNSU/end-user-info/internal/logging/logger.go:116.15,117.28 1 0
github.com/EnduranNSU/end-user-info/internal/logging/logger.go:118.10,119.27 1 0
github.com/EnduranNSU/end-user-info/internal/logging/logger.go:125.67,127.2 1 0
github.com/EnduranNSU/end-user-info/internal/logging/logger.go:131.67,133.2 1 0
github.com/EnduranNSU/end-user-info/internal/mocks/Service.go:20.104,23.19 2 0
github.com/EnduranNSU/end-user-info/internal/mocks/Service.go:23.19,24.48 1 0
github.com/EnduranNSU/end-user-info/internal/mocks/Service.go:27.2,29.106 3 0
github.com/EnduranNSU/end-user-info/internal/mocks/Service.go:29.106,31.3 1 0
github.com/EnduranNSU/end-user-info/internal/mocks/Service.go:32.2,32.97 1 0
github.com/EnduranNSU/end-user-info/internal/mocks/Service.go:32.97,34.3 1 0
github.com/EnduranNSU/end-user-info/internal/mocks/Service.go:34.8,35.24 1 0
github.com/EnduranNSU/end-user-info/internal/mocks/Service.go:35.24,37.4 1 0
github.com/EnduranNSU/end-user-info/internal/mocks/Service.go:40.2,40.86 1 0
github.com/EnduranNSU/end-user-info/internal/mocks/Service.go:40.86,42.3 1 0
github.com/EnduranNSU/end-user-info/internal/mocks/Service.go:42.8,44.3 1 0
github.com/EnduranNSU/end-user-info/internal/mocks/Service.go:46.2,46.15 1 0
github.com/EnduranNSU/end-user-info/internal/mocks/Service.go:50.95,53.19 2 0
github.com/EnduranNSU/end-user-info/internal/mocks/Service.go:53.19,54.51 1 0
github.com/EnduranNSU/end-user-info/internal/mocks/Service.go:57.2,59.91 3 0
github.com/EnduranNSU/end-user-info/internal/mocks/Service.go:59.91,61.3 1 0
github.com/EnduranNSU/end-user-info/internal/mocks/Service.go:62.2,62.82 1 0
github.com/EnduranNSU/end-user-info/internal/mocks/Service.go:62.82,64.3 1 0
github.com/EnduranNSU/end-user-info/internal/mocks/Service.go:64.8,65.24 1 0
github.com/EnduranNSU/end-user-info/internal/mocks/Service.go:65.24,67.4 1 0
github.com/EnduranNSU/end-user-info/internal/mocks/Service.go:70.2,70.71 1 0
github.com/EnduranNSU/end-user-info/internal/mocks/Service.go:70.71,72.3 1 0
github.com/EnduranNSU/end-user-info/internal/mocks/Service.go:72.8,74.3 1 0
github.com/EnduranNSU/end-user-info/internal/mocks/Service.go:76.2,76.15 1 0
github.com/EnduranNSU/end-user-info/internal/mocks/Service.go:80.92,83.19 2 0
github.com/EnduranNSU/end-user-info/internal/mocks/Service.go:83.19,84.46 1 0
github.com/EnduranNSU/end-user-info/internal/mocks/Service.go:87.2,89.93 3 0
github.com/EnduranNSU/end-user-info/internal/mocks/Service.go:89.93,91.3 1 0
github.com/EnduranNSU/end-user-info/internal/mocks/Service.go:92.2,92.84 1 0
github.com/EnduranNSU/end-user-info/internal/mocks/Service.go:92.84,94.3 1 0
github.com/EnduranNSU/end-user-info/internal/mocks/Service.go:94.8,95.24 1 0
github.com/EnduranNSU/end-user-info/internal/mocks/Service.go:95.24,97.4 1 0
github.com/EnduranNSU/end-user-info/internal/mocks/Service.go:100.2,100.71 1 0
github.com/EnduranNSU/end-user-info/internal/mocks/Service.go:100.71,102.3 1 0
github.com/EnduranNSU/end-user-info/internal/mocks/Service.go:102.8,104.3 1 0
github.com/EnduranNSU/end-user-info/internal/mocks/Service.go:106.2,106.15 1 0
github.com/EnduranNSU/end-user-info/internal/mocks/Service.go:114.13,118.19 3 0
github.com/EnduranNSU/end-user-info/internal/mocks/Service.go:118.19,118.49 1 0
github.com/EnduranNSU/end-user-info/internal/mocks/Service.go:120.2,120.13 1 0
github.com/EnduranNSU/end-user-info/internal/mocks/UserInfoRepository.go:20.96,23.19 2 0
github.com/EnduranNSU/end-user-info/internal/mocks/UserInfoRepository.go:23.19,24.56 1 0
github.com/EnduranNSU/end-user-info/internal/mocks/UserInfoRepository.go:27.2,28.78 2 0
github.com/EnduranNSU/end-user-info/internal/mocks/UserInfoRepository.go:28.78,30.3 1 0
github.com/EnduranNSU/end-user-info/internal/mocks/UserInfoRepository.go:30.8,32.3 1 0
github.com/EnduranNSU/end-user-info/internal/mocks/UserInfoRepository.go:34.2,34.11 1 0
github.com/EnduranNSU/end-user-info/internal/mocks/UserInfoRepository.go:38.121,41.19 2 0
github.com/EnduranNSU/end-user-info/internal/mocks/UserInfoRepository.go:41.19,42.64 1 0
github.com/EnduranNSU/end-user-info/internal/mocks/UserInfoRepository.go:45.2,47.93 3 0
github.com/EnduranNSU/end-user-info/internal/mocks/UserInfoRepository.go:47.93,49.3 1 0
github.com/EnduranNSU/end-user-info/internal/mocks/UserInfoRepository.go:50.2,50.84 1 0
github.com/EnduranNSU/end-user-info/internal/mocks/UserInfoRepository.go:50.84,52.3 1 0
github.com/EnduranNSU/end-user-info/internal/mocks/UserInfoRepository.go:52.8,53.24 1 0
github.com/EnduranNSU/end-user-info/internal/mocks/UserInfoRepository.go:53.24,55.4 1 0
github.com/EnduranNSU/end-user-info/internal/mocks/UserInfoRepository.go:58.2,58.71 1 0
github.com/EnduranNSU/end-user-info/internal/mocks/UserInfoRepository.go:58.71,60.3 1 0
github.com/EnduranNSU/end-user-info/internal/mocks/UserInfoRepository.go:60.8,62.3 1 0
github.com/EnduranNSU/end-user-info/internal/mocks/UserInfoRepository.go:64.2,64.15 1 0
github.com/EnduranNSU/end-user-info/internal/mocks/UserInfoRepository.go:68.122,71.19 2 0
github.com/EnduranNSU/end-user-info/internal/mocks/UserInfoRepository.go:71.19,72.67 1 0
github.com/EnduranNSU/end-user-info/internal/mocks/UserInfoRepository.go:75.2,77.91 3 0
github.com/EnduranNSU/end-user-info/internal/mocks/UserInfoRepository.go:77.91,79.3 1 0
github.com/EnduranNSU/end-user-info/internal/mocks/UserInfoRepository.go:80.2,80.82 1 0
github.com/EnduranNSU/end-user-info/internal/mocks/UserInfoRepository.go:80.82,82.3 1 0
github.com/EnduranNSU/end-user-info/internal/mocks/UserInfoRepository.go:82.8,83.24 1 0
github.com/EnduranNSU/end-user-info/internal/mocks/UserInfoRepository.go:83.24,85.4 1 0
github.com/EnduranNSU/end-user-info/internal/mocks/UserInfoRepository.go:88.2,88.71 1 0
github.com/EnduranNSU/end-user-info/internal/mocks/UserInfoRepository.go:88.71,90.3 1 0
github.com/EnduranNSU/end-user-info/internal/mocks/UserInfoRepository.go:90.8,92.3 1 0
github.com/EnduranNSU/end-user-info/internal/mocks/UserInfoRepository.go:94.2,94.15 1 0
github.com/EnduranNSU/end-user-info/internal/mocks/UserInfoRepository.go:102.24,106.19 3 0
github.com/EnduranNSU/end-user-info/internal/mocks/UserInfoRepository.go:106.19,106.49 1 0
github.com/EnduranNSU/end-user-info/internal/mocks/UserInfoRepository.go:108.2,108.13 1 0
github.com/EnduranNSU/end-user-info/internal/adapter/out/postgres/user_info_service_repository.go:20.66,25.2 1 0
github.com/EnduranNSU/end-user-info/internal/adapter/out/postgres/user_info_service_repository.go:27.99,37.16 3 0
github.com/EnduranNSU/end-user-info/internal/adapter/out/postgres/user_info_service_repository.go:37.16,41.3 3 0
github.com/EnduranNSU/end-user-info/internal/adapter/out/postgres/user_info_service_repository.go:43.2,46.12 3 0
github.com/EnduranNSU/end-user-info/internal/adapter/out/postgres/user_info_service_repository.go:49.125,51.26 2 0
github.com/EnduranNSU/end-user-info/internal/adapter/out/postgres/user_info_service_repository.go:51.26,57.3 3 0
github.com/EnduranNSU/end-user-info/internal/adapter/out/postgres/user_info_service_repository.go:59.2,59.16 1 0
github.com/EnduranNSU/end-user-info/internal/adapter/out/postgres/user_info_service_repository.go:59.16,65.3 3 0
github.com/EnduranNSU/end-user-info/internal/adapter/out/postgres/user_info_service_repository.go:67.2,83.24 4 0
github.com/EnduranNSU/end-user-info/internal/adapter/out/postgres/user_info_service_repository.go:86.124,88.16 2 0
github.com/EnduranNSU/end-user-info/internal/adapter/out/postgres/user_info_service_repository.go:88.16,94.3 3 0
github.com/EnduranNSU/end-user-info/internal/adapter/out/postgres/user_info_service_repository.go:96.2,96.21 1 0
github.com/EnduranNSU/end-user-info/internal/adapter/out/postgres/user_info_service_repository.go:96.21,102.3 3 0
github.com/EnduranNSU/end-user-info/internal/adapter/out/postgres/user_info_service_repository.go:104.2,105.29 2 0
github.com/EnduranNSU/end-user-info/internal/adapter/out/postgres/user_info_service_repository.go:105.29,114.3 1 0
github.com/EnduranNSU/end-user-info/internal/adapter/out/postgres/user_info_service_repository.go:116.2,122.25 3 0
github.com/EnduranNSU/end-user-info/internal/app/config.go:11.29,14.42 3 0
github.com/EnduranNSU/end-user-info/internal/app/config.go:14.42,17.3 2 0
github.com/EnduranNSU/end-user-info/internal/app/config.go:18.2,18.59 1 0
github.com/EnduranNSU/end-user-info/internal/app/server.go:16.64,18.2 1 0
github.com/EnduranNSU/end-user-info/internal/app/server.go:20.38,30.2 4 0
github.com/EnduranNSU/end-user-info/internal/util/env/env.go:5.61,6.44 1 0
github.com/EnduranNSU/end-user-info/internal/util/env/env.go:6.44,8.3 1 0
github.com/EnduranNSU/end-user-info/internal/util/env/env.go:9.2,9.21 1 0
github.com/EnduranNSU/end-user-info/internal/adapter/in/http/handler.go:17.67,19.2 1 9
github.com/EnduranNSU/end-user-info/internal/adapter/in/http/handler.go:32.50,34.47 2 3
github.com/EnduranNSU/end-user-info/internal/adapter/in/http/handler.go:34.47,37.3 2 2
github.com/EnduranNSU/end-user-info/internal/adapter/in/http/handler.go:39.2,40.16 2 1
github.com/EnduranNSU/end-user-info/internal/adapter/in/http/handler.go:40.16,43.3 2 0
github.com/EnduranNSU/end-user-info/internal/adapter/in/http/handler.go:45.2,54.16 3 1
github.com/EnduranNSU/end-user-info/internal/adapter/in/http/handler.go:54.16,57.3 2 0
github.com/EnduranNSU/end-user-info/internal/adapter/in/http/handler.go:59.2,64.4 1 1
github.com/EnduranNSU/end-user-info/internal/adapter/in/http/handler.go:77.53,80.16 3 3
github.com/EnduranNSU/end-user-info/internal/adapter/in/http/handler.go:80.16,83.3 2 1
github.com/EnduranNSU/end-user-info/internal/adapter/in/http/handler.go:84.2,85.16 2 2
github.com/EnduranNSU/end-user-info/internal/adapter/in/http/handler.go:85.16,88.3 2 1
github.com/EnduranNSU/end-user-info/internal/adapter/in/http/handler.go:89.2,94.4 1 1
github.com/EnduranNSU/end-user-info/internal/adapter/in/http/handler.go:107.48,110.16 3 3
github.com/EnduranNSU/end-user-info/internal/adapter/in/http/handler.go:110.16,113.3 2 1
github.com/EnduranNSU/end-user-info/internal/adapter/in/http/handler.go:114.2,115.16 2 2
github.com/EnduranNSU/end-user-info/internal/adapter/in/http/handler.go:115.16,118.3 2 1
github.com/EnduranNSU/end-user-info/internal/adapter/in/http/handler.go:119.2,120.26 2 1
github.com/EnduranNSU/end-user-info/internal/adapter/in/http/handler.go:120.26,127.3 1 2
github.com/EnduranNSU/end-user-info/internal/adapter/in/http/handler.go:128.2,128.29 1 1
github.com/EnduranNSU/end-user-info/internal/adapter/in/http/router.go:11.51,20.2 6 0
github.com/EnduranNSU/end-user-info/internal/adapter/in/http/router.go:20.2,24.3 3 0
github.com/EnduranNSU/end-user-info/internal/adapter/in/http/router.go:26.2,26.10 1 0
